/*
 * Licensed to the Apache Software Foundation (ASF) under one
 * or more contributor license agreements.  See the NOTICE file
 * distributed with this work for additional information
 * regarding copyright ownership.  The ASF licenses this file
 * to you under the Apache License, Version 2.0 (the
 * "License"); you may not use this file except in compliance
 * with the License.  You may obtain a copy of the License at
 *
 *   http://www.apache.org/licenses/LICENSE-2.0
 *
 * Unless required by applicable law or agreed to in writing,
 * software distributed under the License is distributed on an
 * "AS IS" BASIS, WITHOUT WARRANTIES OR CONDITIONS OF ANY
 * KIND, either express or implied.  See the License for the
 * specific language governing permissions and limitations
 * under the License.
 */

<book xmlns="http://example.com/eBook">
  <title>Test Book</title>
  <chapter>
    <title>Ch1</title>
    <para>p1.1</para>
    <para>p1.2</para>
    <para>p1.3</para>
  </chapter>
  <chapter>
    <title>Ch2</title>
    <para>p2.1</para>
    <para>p2.2</para>
  </chapter>
</book>

  <html>
    <head>
      <title>Test Book</title>
    </head>
    <body>
      <h1>Test Book</h1>

  
    <h2>Ch1</h2>

    
      <p>p1.1

      <p>p1.2

      <p>p1.3

  
    <h2>Ch2</h2>

    
      <p>p2.1

      <p>p2.2

  
    </body>
  </html>

