/*
 * Licensed to the Apache Software Foundation (ASF) under one
 * or more contributor license agreements.  See the NOTICE file
 * distributed with this work for additional information
 * regarding copyright ownership.  The ASF licenses this file
 * to you under the Apache License, Version 2.0 (the
 * "License"); you may not use this file except in compliance
 * with the License.  You may obtain a copy of the License at
 *
 *   http://www.apache.org/licenses/LICENSE-2.0
 *
 * Unless required by applicable law or agreed to in writing,
 * software distributed under the License is distributed on an
 * "AS IS" BASIS, WITHOUT WARRANTIES OR CONDITIONS OF ANY
 * KIND, either express or implied.  See the License for the
 * specific language governing permissions and limitations
 * under the License.
 */
Nov 15, 2002 2:54:13 PM
Nov 15, 2002 2:54:13 PM
Nov 15, 2002 2:54:13 PM
Nov 15, 2002 2:54:13 PM
11/15/02 2:54 PM
Nov 15, 2002 2:54:13 PM
November 15, 2002 2:54:13 PM GMT
11/15/02 2:54 PM
11/15/02 2:54:13 PM
11/15/02 2:54:13 PM GMT
Nov 15, 2002 2:54 PM
Nov 15, 2002 2:54:13 PM
Nov 15, 2002 2:54:13 PM GMT
November 15, 2002 2:54 PM
November 15, 2002 2:54:13 PM
November 15, 2002 2:54:13 PM GMT
Nov 15, 2002
Nov 15, 2002
11/15/02
Nov 15, 2002
November 15, 2002
2:54:13 PM
2:54:13 PM
2:54 PM
2:54:13 PM
2:54:13 PM GMT
2002. november 15. 14:54:13 GMT
Fri, 15 Nov 02002 14:54:13 GMT
Fri, 15 Nov 2002 14:54:13 GMT
Fri, 15 Nov 2002 14:54:13 GMT
2002

2002
2002

2002
11