/*
 * Licensed to the Apache Software Foundation (ASF) under one
 * or more contributor license agreements.  See the NOTICE file
 * distributed with this work for additional information
 * regarding copyright ownership.  The ASF licenses this file
 * to you under the Apache License, Version 2.0 (the
 * "License"); you may not use this file except in compliance
 * with the License.  You may obtain a copy of the License at
 *
 *   http://www.apache.org/licenses/LICENSE-2.0
 *
 * Unless required by applicable law or agreed to in writing,
 * software distributed under the License is distributed on an
 * "AS IS" BASIS, WITHOUT WARRANTIES OR CONDITIONS OF ANY
 * KIND, either express or implied.  See the License for the
 * specific language governing permissions and limitations
 * under the License.
 */
FreeMarker: Encoding built-in tests

html: [&amp;&lt;&gt;&quot;&#39;{}\a/]
xml:  [&amp;&lt;&gt;&quot;&apos;{}\a/]
xhtml: [&amp;&lt;&gt;&quot;&#39;{}\a/]
rtf:  [&<>"'\{\}\\a/]
html: [a&amp;a&lt;a&gt;a&quot;a&#39;a{a}a\]
xml:  [a&amp;a&lt;a&gt;a&quot;a&apos;a{a}a\]
xhtml: [a&amp;a&lt;a&gt;a&quot;a&#39;a{a}a\]
rtf:  [a&a<a>a"a'a\{a\}a\\]
html: [&lt;&lt;&lt;&lt;&lt;]
xml:  [&lt;&lt;&lt;&lt;&lt;]
xhtml: [&lt;&lt;&lt;&lt;&lt;]
rtf:  [\{\{\{\{\{]
html: []
xml:  []
xhtml: []
rtf:  []
html: [a]
xml:  [a]
xhtml: [a]
rtf:  [a]
html: [&amp;]
xml:  [&amp;]
xhtml: [&amp;]
rtf:  [\{]