/*
 * Licensed to the Apache Software Foundation (ASF) under one
 * or more contributor license agreements.  See the NOTICE file
 * distributed with this work for additional information
 * regarding copyright ownership.  The ASF licenses this file
 * to you under the Apache License, Version 2.0 (the
 * "License"); you may not use this file except in compliance
 * with the License.  You may obtain a copy of the License at
 *
 *   http://www.apache.org/licenses/LICENSE-2.0
 *
 * Unless required by applicable law or agreed to in writing,
 * software distributed under the License is distributed on an
 * "AS IS" BASIS, WITHOUT WARRANTIES OR CONDITIONS OF ANY
 * KIND, either express or implied.  See the License for the
 * specific language governing permissions and limitations
 * under the License.
 */
<html>
<head>
<title>FreeMarker: Hash Literal Test</title>
</head>
<body>

<p>A simple test follows:</p>

<p>Hello, world!</p>

<p>Now perform a hash assignment:</p>


test23
Hello, world!
hello all
1

<p>Now update the assignment and repeat:</p>


test23
Hello, world!
hello all

1

<p>Now reassign the list and repeat:</p>


test23
Hello, world!


1
Temporary
Temporary
Temporary

<p>Pathological case: zero item hash:</p>



<p>Hash of number literals:</p>
2

<p>Hash concatenation:</p>
a => 1
b => 3
c => 4

<p>Empty hash concatenation:</p>
foo, bar

</body>
</html>
