/*
 * Licensed to the Apache Software Foundation (ASF) under one
 * or more contributor license agreements.  See the NOTICE file
 * distributed with this work for additional information
 * regarding copyright ownership.  The ASF licenses this file
 * to you under the Apache License, Version 2.0 (the
 * "License"); you may not use this file except in compliance
 * with the License.  You may obtain a copy of the License at
 *
 *   http://www.apache.org/licenses/LICENSE-2.0
 *
 * Unless required by applicable law or agreed to in writing,
 * software distributed under the License is distributed on an
 * "AS IS" BASIS, WITHOUT WARRANTIES OR CONDITIONS OF ANY
 * KIND, either express or implied.  See the License for the
 * specific language governing permissions and limitations
 * under the License.
 */

<a-b>red123</a-b>

f-a works

dash-dash-dash etc.
dash-dash-dash etc.
propVal
propVal

List: 123

Switch: OK
ESCAPED


as1
as2
as3
as4
as5

<catchAll x=1 y=2 z=3 data-foo=4 a:b.c=5 />

---.: = dash-dash-dash etc.
@as@_a = as1
as/b = as3
as'c = as4
as"d = as5
as-c = as2
catchAll = ...
dumpNS = ...
f-a = ...
hash = ...
ls:a = ...
m/b2 = ...
m-a = ...
m-b2 = ...
sw-a = ...