/*
 * Licensed to the Apache Software Foundation (ASF) under one
 * or more contributor license agreements.  See the NOTICE file
 * distributed with this work for additional information
 * regarding copyright ownership.  The ASF licenses this file
 * to you under the Apache License, Version 2.0 (the
 * "License"); you may not use this file except in compliance
 * with the License.  You may obtain a copy of the License at
 *
 *   http://www.apache.org/licenses/LICENSE-2.0
 *
 * Unless required by applicable law or agreed to in writing,
 * software distributed under the License is distributed on an
 * "AS IS" BASIS, WITHOUT WARRANTIES OR CONDITIONS OF ANY
 * KIND, either express or implied.  See the License for the
 * specific language governing permissions and limitations
 * under the License.
 */
<html>
<head>
<title>FreeMarker: Include Instruction Test</title>
</head>
<body>

<p>A simple test follows:</p>

Hello, world!

	<p>Message exists!

<p>Test normal includes:</p>
<p>A test of included files:</p>

	<p>Message exists!:<br />
        Hello, world!</p>

 Can you see me? 

assigning from included template
I'm here, mon!

Kilroy
 Can you see me? Kilroy

<p>Test subdir includes:</p>
<p>This is include-subdir.f3ac</p>
<p>Testing including from same directory</p>
<p>This is include-subdir2.f3ac</p>
<p>Testing including from relative parent</p>
<p>A test of included files:</p>

	<p>Message exists!:<br />
        Hello, world!</p>

 Can you see me? 
<p>Testing including from loader root</p>
<p>A test of included files:</p>

	<p>Message exists!:<br />
        Hello, world!</p>

 Can you see me? 
<p>Testing including through acquisition</p>
<p>This is include-subdir2.f3ac</p>
</body>
</html>

