/*
 * Licensed to the Apache Software Foundation (ASF) under one
 * or more contributor license agreements.  See the NOTICE file
 * distributed with this work for additional information
 * regarding copyright ownership.  The ASF licenses this file
 * to you under the Apache License, Version 2.0 (the
 * "License"); you may not use this file except in compliance
 * with the License.  You may obtain a copy of the License at
 *
 *   http://www.apache.org/licenses/LICENSE-2.0
 *
 * Unless required by applicable law or agreed to in writing,
 * software distributed under the License is distributed on an
 * "AS IS" BASIS, WITHOUT WARRANTIES OR CONDITIONS OF ANY
 * KIND, either express or implied.  See the License for the
 * specific language governing permissions and limitations
 * under the License.
 */
[
    [(11@0, 11@0), (11@0, 22@1), (11@0, 33@2)],
    [(22@1, 11@0), (22@1, 22@1), (22@1, 33@2)],
    [(33@2, 11@0), (33@2, 22@1), (33@2, 33@2)]
]


        <p>2 hits:
        <div class="hits">
                        <div class="hit">a</div>
                        <div class="hit">b</div>
        </div>

        <p>2 hits:
        <div class="hits">
                        <div class="hitOther">a</div>
                        <div class="hitOther">b</div>
        </div>

        <p>2 hits:
        <div class="hits">
                    ...
        </div>

        <p>Nothing.

11, 22, ...
[11, 22, ...]

1, 2, 3
1 /*first*/, 2, 3
[1, 2, 3]
1
1
[1]
Empty
Empty
Empty

