/*
 * Licensed to the Apache Software Foundation (ASF) under one
 * or more contributor license agreements.  See the NOTICE file
 * distributed with this work for additional information
 * regarding copyright ownership.  The ASF licenses this file
 * to you under the Apache License, Version 2.0 (the
 * "License"); you may not use this file except in compliance
 * with the License.  You may obtain a copy of the License at
 *
 *   http://www.apache.org/licenses/LICENSE-2.0
 *
 * Unless required by applicable law or agreed to in writing,
 * software distributed under the License is distributed on an
 * "AS IS" BASIS, WITHOUT WARRANTIES OR CONDITIONS OF ANY
 * KIND, either express or implied.  See the License for the
 * specific language governing permissions and limitations
 * under the License.
 */
--
1 = 1
5 = 5
0 = 0
--
5 = 5
1 = 1
7 = 7
--
true = true
false = false
true = true
--
true = true
false = false
true = true
--
true = true
true = true
true = true
false = false
true = true
--
[abbcdbb] = [abbcdbb]
[qwe] = [qwe]
[qwe] = [qwe]
[qwe] = [qwe]
[qwe
] = [qwe
]
[qwe
] = [qwe
]
--
[abbcdbb] = [abbcdbb]
[abb-dbb] = [abb-dbb]
[a-=*cd-=*] = [a-=*cd-=*]
--
[a][][cd][][] == [a][][cd][][]
[][die][maggots][!] == [][die][maggots][!]
[Die maggots!] == [Die maggots!]
--
[     ]
[    a]
[   ab]
[  abc]
[ abcd]
[abcde]
[abcdef]
[abcdefg]
[abcdefgh]
[-----]
[----a]
[---ab]
[--abc]
[-abcd]
[abcde]
[abcdef]
[abcdefg]
[abcdefgh]
[.oO.oO.o]
[.oO.oO.a]
[.oO.oOab]
[.oO.oabc]
[.oO.abcd]
[.oOabcde]
[.oabcdef]
[.abcdefg]
[abcdefgh]
[abcdefghi]
[abcdefghij]
[]
[/]
[/\]
[/\_]
[/\_/]
[/\_/\]
[/\_/\_]
[/\_/\_/]
--
[     ]
[a    ]
[ab   ]
[abc  ]
[abcd ]
[abcde]
[abcdef]
[abcdefg]
[abcdefgh]
[-----]
[a----]
[ab---]
[abc--]
[abcd-]
[abcde]
[abcdef]
[abcdefg]
[abcdefgh]
[.oO.oO.o]
[aoO.oO.o]
[abO.oO.o]
[abc.oO.o]
[abcdoO.o]
[abcdeO.o]
[abcdef.o]
[abcdefgo]
[abcdefgh]
[abcdefghi]
[abcdefghij]
[]
[/]
[/\]
[/\_]
[/\_/]
[/\_/\]
[/\_/\_]
[/\_/\_/]