/*
 * Licensed to the Apache Software Foundation (ASF) under one
 * or more contributor license agreements.  See the NOTICE file
 * distributed with this work for additional information
 * regarding copyright ownership.  The ASF licenses this file
 * to you under the Apache License, Version 2.0 (the
 * "License"); you may not use this file except in compliance
 * with the License.  You may obtain a copy of the License at
 *
 *   http://www.apache.org/licenses/LICENSE-2.0
 *
 * Unless required by applicable law or agreed to in writing,
 * software distributed under the License is distributed on an
 * "AS IS" BASIS, WITHOUT WARRANTIES OR CONDITIONS OF ANY
 * KIND, either express or implied.  See the License for the
 * specific language governing permissions and limitations
 * under the License.
 */
FreeMarker: Encoding string built-in tests

  
capFirst:     DieBugsDie! * vazzZE 123456 --cdc-- --<<--@ x ${"kigyo"?upperCase}  ;
uncapFirst:   dieBugsDie! * vazzZE 123456 --cdc-- --<<--@ x ${"kigyo"?upperCase}  ;
uncapFirst: blah
capitalize:   Diebugsdie! * Vazzze 123456 --cdc-- --<<--@ X ${"kigyo"?uppercase}  ;
html:         dieBugsDie! * vazzZE 123456 --cdc-- --&lt;&lt;--@ x ${&quot;kigyo&quot;?upperCase}  ;
length:     70;
lowerCase:    diebugsdie! * vazzze 123456 --cdc-- --<<--@ x ${"kigyo"?uppercase}  ;
rtf:          dieBugsDie! * vazzZE 123456 --cdc-- --<<--@ x $\{"kigyo"?upperCase\}  ;
trim:       dieBugsDie! * vazzZE 123456 --cdc-- --<<--@ x ${"kigyo"?upperCase};
trim2:      foo bar
trim3:      foo bar
trim4:      foo bar
upperCase:    DIEBUGSDIE! * VAZZZE 123456 --CDC-- --<<--@ X ${"KIGYO"?UPPERCASE}  ;
xml:          dieBugsDie! * vazzZE 123456 --cdc-- --&lt;&lt;--@ x ${&quot;kigyo&quot;?upperCase}  ;
xhtml:      &quot;Blah&#39;s is &gt; 1 &amp; &lt; 2&quot;

word_list:
- dieBugsDie!
- *
- vazzZE
- 123456
- --cdc--
- --<<--@
- x
- ${"kigyo"?upperCase}

interpret:   dieBugsDie! * vazzZE 123456 --cdc-- --<<--@ x KIGYO  
number: -122,35
1500
5
0
0
true
true
true
true
true

default constructor
1
xxx
xxx:yyy


In The Sacred, Holy beginning, God created The Sacred, Holy Heavens and The Sacred, Holy Earth. 
In the very beginning, God created the Heavens and The Earth. 
|I|n| |t|h|e| |b|e|g|i|n|n|i|n|g|,| |G|o|d| |c|r|e|a|t|e|d| |t|h|e| |H|e|a|v|e|n|s| |a|n|d| |T|h|e| |E|a|r|t|h|.| 
|In the beginning, God created the Heavens and The Earth. 

In the beginning, God created the sky and The Earth. 

matches

  the beginning
  the sacred beginning
  the Heavens
  the sacred Heavens
  The Earth
  The sacred Earth

In the beginning, God created the Heavens and The Earth.
beginning
the Heavens and The Earth.

   foo
   bar
   baz
       foobar


FOOBAR

[a] = [a]
[a\\'x'\nb] = [a\\'x'\nb]
[\u0001\u001a ] = [\u0001\u001a ]

[a] = [a]
[a\\\'x\'\nb] = [a\\\'x\'\nb]
[\x01\x1A ] = [\x01\x1A ]
[\x3C![CDATA[] = [\x3C![CDATA[]
[]]\>] = []]\>]

[a] = [a]
[a\\'x'\nb] = [a\\'x'\nb]
[\u0001\u001A ] = [\u0001\u001A ]
[\n\r\t\f\b\"] = [\n\r\t\f\b\"]
[\/] = [\/]
[a/b] = [a/b]
[<\/script>] = [<\/script>]
[\u003C![CDATA[] = [\u003C![CDATA[]
[]]\u003E] = []]\u003E]
