/*
 * Licensed to the Apache Software Foundation (ASF) under one
 * or more contributor license agreements.  See the NOTICE file
 * distributed with this work for additional information
 * regarding copyright ownership.  The ASF licenses this file
 * to you under the Apache License, Version 2.0 (the
 * "License"); you may not use this file except in compliance
 * with the License.  You may obtain a copy of the License at
 *
 *   http://www.apache.org/licenses/LICENSE-2.0
 *
 * Unless required by applicable law or agreed to in writing,
 * software distributed under the License is distributed on an
 * "AS IS" BASIS, WITHOUT WARRANTIES OR CONDITIONS OF ANY
 * KIND, either express or implied.  See the License for the
 * specific language governing permissions and limitations
 * under the License.
 */
<html>
<head>
<title>FreeMarker: Switch-Case Test</title>
</head>
<body>

<p>Here we iterate over a list of animals.</p>

<p>Animal is: aardvark.<br />
        This is the HTML for other animals.
</p>
<p>Animal is: kiwi.<br />
        This is the HTML for the user's favorite animal.
</p>
<p>Animal is: gecko.<br />
        This is the HTML for small animals.
</p>
<p>Animal is: cat.<br />
        This is the HTML for other animals.
</p>
<p>Animal is: dog.<br />
        This is the HTML for other animals.
</p>
<p>Animal is: elephant.<br />
        This is the HTML for large animals.
</p>
<p>Animal is: squirrel.<br />
        This is the HTML for small animals.
</p>
<p>Animal is: zebra.<br />
        This is the HTML for a large stripey animal.
        This is the HTML for large animals.
</p>

      1
          i2
      2
          i4
          ft
      ft
      3
          i4
      3
          i6

[]

[]

  ""
  "1234"
  "234"
  "34"
  "4"


</body>
</html>
