/*
 * Licensed to the Apache Software Foundation (ASF) under one
 * or more contributor license agreements.  See the NOTICE file
 * distributed with this work for additional information
 * regarding copyright ownership.  The ASF licenses this file
 * to you under the Apache License, Version 2.0 (the
 * "License"); you may not use this file except in compliance
 * with the License.  You may obtain a copy of the License at
 *
 *   http://www.apache.org/licenses/LICENSE-2.0
 *
 * Unless required by applicable law or agreed to in writing,
 * software distributed under the License is distributed on an
 * "AS IS" BASIS, WITHOUT WARRANTIES OR CONDITIONS OF ANY
 * KIND, either express or implied.  See the License for the
 * specific language governing permissions and limitations
 * under the License.
 */

0 == 0
0 == 0
11 == 11
11 == 11
1122 == 1122
1122 == 1122
112233 == 112233
112233 == 112233

-22334411 == -22334411
-223311 == -223311
-2211 == -2211
-11 == -11

0 == 0
-11 == -11
1122 == 1122
-112233 == -112233
-11223344 == -11223344
-1122334455 == -1122334455

1122 == 1122
-1122 == -1122

string, true, 123, 1000000 == string, true, 123, 1000000
