/*
 * Licensed to the Apache Software Foundation (ASF) under one
 * or more contributor license agreements.  See the NOTICE file
 * distributed with this work for additional information
 * regarding copyright ownership.  The ASF licenses this file
 * to you under the Apache License, Version 2.0 (the
 * "License"); you may not use this file except in compliance
 * with the License.  You may obtain a copy of the License at
 *
 *   http://www.apache.org/licenses/LICENSE-2.0
 *
 * Unless required by applicable law or agreed to in writing,
 * software distributed under the License is distributed on an
 * "AS IS" BASIS, WITHOUT WARRANTIES OR CONDITIONS OF ANY
 * KIND, either express or implied.  See the License for the
 * specific language governing permissions and limitations
 * under the License.
 */
<html>
<head>
<title>FreeMarker: Variable Test</title>
</head>
<body>

<p>A simple test follows:</p>

<p>Hello, world!</p>

<p>Now get into variable nesting:</p>

<p>My message.</p>
<p>My message.</p>
<p>My message.</p>
<p>My message.</p>
<p>My message.</p>
<p>My message.</p>
<p>My message.</p>
<p>My message.</p>

<p>More deep nesting...</p>

<p>My message.</p>
<p>one</p>
<p>one</p>


<p>Nesting inside nesting...</p>

<p>two</p>
<p>two</p>
<p>two</p>
<p>two</p>

<p>Test underscores...</p>

<p>out</p>
<p>out</p>

SAVE

</body>
</html>
